// Jest Snapshot v1, https://goo.gl/fbAQLP

exports[`<CourseList /> should render CourseList component 1`] = `
<CourseList
  courses={
    Array [
      Object {
        "course": "",
        "id": "1",
      },
    ]
  }
  currentPage=""
  handleDelete=""
  handlePageChange={[MockFunction]}
  totalCourses=""
>
  <EmptyList>
    <div>
      <p
        className="text-center"
      >
        <i
          className="fa fa-exclamation-circle "
        />
      </p>
      <p
        className="text-center"
      >
        There are no courses
      </p>
    </div>
  </EmptyList>
</CourseList>
`;
