// Jest Snapshot v1, https://goo.gl/fbAQLP

exports[`<HomePage /> render HomePage component correctly 1`] = `
<div
  className="jumbotron"
>
  <h1>
    Pluralight Adminstratrion
  </h1>
  <p>
    React, Redux and React router dom in es6
  </p>
  <Link
    className="btn btn-primary btn-lg"
    replace={false}
    to="about"
  >
    Learn More
  </Link>
</div>
`;
